------------------------------------------------------------
Timing Analyzer Summary
------------------------------------------------------------

Type  : Slow 1100mV 85C Model Setup 'CLK50'
Slack : 14.719
TNS   : 0.000

Type  : Slow 1100mV 85C Model Setup 'clkdiv'
Slack : 75.014
TNS   : 0.000

Type  : Slow 1100mV 85C Model Hold 'CLK50'
Slack : 0.438
TNS   : 0.000

Type  : Slow 1100mV 85C Model Hold 'clkdiv'
Slack : 0.459
TNS   : 0.000

Type  : Slow 1100mV 85C Model Minimum Pulse Width 'CLK50'
Slack : 8.705
TNS   : 0.000

Type  : Slow 1100mV 85C Model Minimum Pulse Width 'clkdiv'
Slack : 49.297
TNS   : 0.000

Type  : Slow 1100mV 0C Model Setup 'CLK50'
Slack : 14.472
TNS   : 0.000

Type  : Slow 1100mV 0C Model Setup 'clkdiv'
Slack : 75.413
TNS   : 0.000

Type  : Slow 1100mV 0C Model Hold 'CLK50'
Slack : 0.458
TNS   : 0.000

Type  : Slow 1100mV 0C Model Hold 'clkdiv'
Slack : 0.487
TNS   : 0.000

Type  : Slow 1100mV 0C Model Minimum Pulse Width 'CLK50'
Slack : 8.623
TNS   : 0.000

Type  : Slow 1100mV 0C Model Minimum Pulse Width 'clkdiv'
Slack : 49.196
TNS   : 0.000

Type  : Fast 1100mV 85C Model Setup 'CLK50'
Slack : 16.813
TNS   : 0.000

Type  : Fast 1100mV 85C Model Setup 'clkdiv'
Slack : 85.064
TNS   : 0.000

Type  : Fast 1100mV 85C Model Hold 'CLK50'
Slack : 0.177
TNS   : 0.000

Type  : Fast 1100mV 85C Model Hold 'clkdiv'
Slack : 0.181
TNS   : 0.000

Type  : Fast 1100mV 85C Model Minimum Pulse Width 'CLK50'
Slack : 8.638
TNS   : 0.000

Type  : Fast 1100mV 85C Model Minimum Pulse Width 'clkdiv'
Slack : 49.569
TNS   : 0.000

Type  : Fast 1100mV 0C Model Setup 'CLK50'
Slack : 16.997
TNS   : 0.000

Type  : Fast 1100mV 0C Model Setup 'clkdiv'
Slack : 86.811
TNS   : 0.000

Type  : Fast 1100mV 0C Model Hold 'CLK50'
Slack : 0.168
TNS   : 0.000

Type  : Fast 1100mV 0C Model Hold 'clkdiv'
Slack : 0.170
TNS   : 0.000

Type  : Fast 1100mV 0C Model Minimum Pulse Width 'CLK50'
Slack : 8.620
TNS   : 0.000

Type  : Fast 1100mV 0C Model Minimum Pulse Width 'clkdiv'
Slack : 49.561
TNS   : 0.000

------------------------------------------------------------
